// Jest Snapshot v1, https://goo.gl/fbAQLP

exports[`Render articles Component 1`] = `
<div>
  <div
    class="flex justify-between items-start gap-3 py-2"
  >
    <div
      class="mx-auto max-w-7xl px-6 lg:px-8"
    >
      <div
        class="mx-auto mt-10 grid max-w-2xl grid-cols-1 gap-x-8 gap-y-16 border-t border-gray-200 pt-10 sm:mt-16 sm:pt-16 lg:mx-0 lg:max-w-none lg:grid-cols-3"
      >
        <a
          href="/article/100000009570347"
        >
          <article
            class="flex max-w-xl flex-col items-start justify-between border-gray-100 border-2 p-2 cursor-pointer"
            data-testid="articleCard"
          >
            <div
              class="flex items-center gap-x-4 text-xs"
            >
              <time
                class="text-gray-500"
              >
                July 13
              </time>
            </div>
            <div
              class="group relative"
            >
              <h3
                class="mt-3 text-lg font-semibold leading-6 text-gray-900 group-hover:text-gray-600"
              >
                <span
                  class="absolute inset-0"
                />
                A Times Photographer Who Was Feet Away From Trump Describes the Shooting
              </h3>
              <p
                class="mt-5 line-clamp-3 text-sm leading-6 text-gray-600"
              >
                “I hope I get the right shot. I hope I’m not shot myself,” said Doug Mills, who has been photographing presidents since 1983.
              </p>
            </div>
            <div
              class=" mt-8 flex items-center gap-x-4"
            >
              <img
                alt="A Times Photographer Who Was Feet Away From Trump Describes the Shooting"
                class="object-cover h-48 w-96"
                src="https://static01.nyt.com/images/2024/07/14/multimedia/13xp-mills/13xp-mills-mediumThreeByTwo210.jpg"
              />
            </div>
          </article>
        </a>
      </div>
    </div>
  </div>
</div>
`;
